// Jest Snapshot v1, https://goo.gl/fbAQLP

exports[`Button component Matches the snapshot 1`] = `
<button
  className="button"
  disabled={false}
  onClick={[Function]}
  type="button"
>
  Submit
</button>
`;
